dev=# select * from musicbrainz.Artist order by random() limit 10;
   id    |                 gid                  |       name        |     sort_name      | begin_date_year | begin_date_month | begin_date_day | end_date_year | end_date_month | end_date_day | type | area  | gender |       comment        | edits_pending |         last_updated          | ended | begin_area | end_area
---------+--------------------------------------+-------------------+--------------------+-----------------+------------------+----------------+---------------+----------------+--------------+------+-------+--------+----------------------+---------------+-------------------------------+-------+------------+----------
 1099031 | 50c45a8f-52c2-4fb4-88fd-32e1af4fe6c0 | DSK               | DSK                |                 |                  |                |               |                |              |      |       |        | Vancouver Hardcore   | 0             | 2014-03-20 13:52:46.754832+00 | f     |            |
  774167 | 798b9bc6-06af-4749-95fe-5cd5e46393fa | Marshans          | Marshans           |                 |                  |                |               |                |              |    2 |       |        |                      | 0             | 2010-12-26 19:43:28.32225+00  | f     |            |
  157871 | 8877610e-66bd-4bb5-ba82-e3c255ad9903 | Hypnogaja         | Hypnogaja          |                 |                  |                |               |                |              |    2 | 222   |        |                      | 0             | 2012-07-30 07:10:09.427011+00 | f     |            |
 1419193 | d0df54c2-79a8-4782-a60a-9f50aa78a831 | Julie Reisserov├í  | Reisserov├í, Julie  | 1888            | 10               | 9              | 1938          | 2              | 25           |    1 | 56    | 2      |                      | 0             | 2016-10-08 19:40:10.490092+00 | t     | 1805       | 1805
  251518 | 12890e64-8be4-4ff4-862b-df77245573d1 | Nate Henry        | Henry, Nate        |                 |                  |                |               |                |              |    1 |       |        |                      | 0             |                               | f     |            |
  981930 | 107cfc34-6247-4faf-b75c-4a082786660c | Lukas Mantel      | Mantel, Lukas      | 1982            | 10               | 10             |               |                |              |    1 | 203   | 1      |                      | 0             | 2014-07-27 18:00:23.306979+00 | f     | 97166      |
 1421054 | 1880fb83-7b7a-42d0-9b8d-7e1c05ae6aa2 | Ren├⌐ Garber       | Garber, Ren├⌐       |                 |                  |                |               |                |              |    1 |       | 1      |                      | 0             | 2016-10-13 19:50:34.92356+00  | f     |            |
  955115 | 81639315-a9ec-44d9-a46c-8de6dc855518 | Krakow            | Krakow             | 2005            |                  |                |               |                |              |    2 | 160   |        | Norwegian metal band | 0             | 2012-12-18 17:41:10.201477+00 | f     |            |
 1195194 | bd58cff8-2fa0-4823-8ca5-dc8cb5e11022 | Stone Machine     | Stone Machine      |                 |                  |                |               |                |              |    2 |       |        |                      | 0             | 2015-01-26 14:31:32.948981+00 | f     |            |
 1367930 | 87488b9a-4630-4087-a840-81482bc5d4d0 | Michel Melchionne | Melchionne, Michel |                 |                  |                |               |                |              |    1 | 30620 | 1      |                      | 0             | 2016-05-20 16:00:12.151887+00 | f     |            |
(10 rows)


dev=# select * from musicbrainz.Artist_Alias order by random() limit 10;
   id   | artist |              name               | locale | edits_pending |         last_updated          | type |            sort_name            | begin_date_year | begin_date_month | begin_date_day | end_date_year | end_date_month | end_date_day | primary_for_locale | ended
--------+--------+---------------------------------+--------+---------------+-------------------------------+------+---------------------------------+-----------------+------------------+----------------+---------------+----------------+--------------+--------------------+-------
 157958 | 420651 | Mazi                            |        | f             | 2015-02-23 20:04:52.672261+00 |      | Mazi                            |                 |                  |                |               |                |              | f                  | f
   6517 |  12050 | Alison Krauss and Union Station |        | f             | 2012-05-15 18:57:13.252186+00 |      | Alison Krauss and Union Station |                 |                  |                |               |                |              | f                  | f
  50128 |   8664 | W.C. Clarke                     |        | f             | 2012-05-15 18:57:13.252186+00 |      | W.C. Clarke                     |                 |                  |                |               |                |              | f                  | f
  17622 | 146051 | Puccimoni                       |        | f             | 2012-05-15 18:57:13.252186+00 |      | Puccimoni                       |                 |                  |                |               |                |              | f                  | f
  74278 |   7366 | Lucky Thomson                   |        | f             | 2012-05-15 18:57:13.252186+00 |      | Lucky Thomson                   |                 |                  |                |               |                |              | f                  | f
 179450 | 990646 | Giriboy                         | en     | f             | 2016-06-06 02:11:20.504166+00 | 1    | Giriboy                         |                 |                  |                |               |                |              | t                  | f
 148092 | 877310 | Frederic Petitpas               |        | f             | 2014-05-25 20:00:18.661601+00 |      | Petitpas, Frederic              |                 |                  |                |               |                |              | f                  | f
  19045 | 166636 | The Ethics EP                   |        | f             | 2012-05-15 18:57:13.252186+00 |      | The Ethics EP                   |                 |                  |                |               |                |              | f                  | f
 161719 | 225587 | Jagwinder Singh Dhaliwal        |        | f             | 2015-06-14 01:03:42.730009+00 | 2    | Jagwinder Singh Dhaliwal        |                 |                  |                |               |                |              | f                  | f
 106462 | 626369 | σ»┐ τ╛ÄΦÅ£σ¡É                       |        | f             | 2012-05-15 18:57:13.252186+00 |      | σ»┐ τ╛ÄΦÅ£σ¡É                       |                 |                  |                |               |                |              | f                  | f
(10 rows)


dev=# select * from musicbrainz.Artist_Alias_Type order by random() limit 10;
 id |    name     | parent | child_order | description |                 gid
----+-------------+--------+-------------+-------------+--------------------------------------
  1 | Artist name |        | f           |             | 894afba6-2816-3c24-8072-eadb66bd04bc
  2 | Legal name  |        | f           |             | d4dcd0c0-b341-3612-a332-c0ce797b25cf
  3 | Search hint |        | f           |             | 1937e404-b981-3cb7-8151-4c86ebfc8d8e
(3 rows)


dev=# select * from musicbrainz.Artist_Credit_Name order by random() limit 10;
 artist_credit | position | artist  |           name           | join_phrase
---------------+----------+---------+--------------------------+-------------
       1364037 | 1        |  494942 | Maggini Quartet          | ,
       1623751 | 3        |   10081 | Zubin Mehta              |
       1734159 | 0        |  851418 | Figure                   |  &
        217595 | 0        |  217595 | Al-Faris & Andrew Wooden |
        674027 | 0        |  674027 | Jay Vegas                |
        624728 | 0        |  624728 | Mobius Project           |
       1355663 | 0        | 1145669 | GRINCH                   |
       1038175 | 1        |  717626 | Daniel Law Heath         |
        993109 | 0        |  349360 | Georgia Anne Muldrow     |  &
       1325632 | 1        | 1123900 | Yo!Zepp                  |
(10 rows)


dev=# select * from musicbrainz.Artist_Type order by random() limit 10;
 id |   name    | parent | child_order | description |                 gid
----+-----------+--------+-------------+-------------+--------------------------------------
  2 | Group     |        |           2 |             | e431f5f6-b5d2-343d-8b36-72607fffb74b
  4 | Character |        |           3 |             | 5c1375b0-f18d-3db7-a164-a49d7a63773f
  5 | Orchestra | 2      |           0 |             | a0b36c92-3eb1-3839-a4f9-4799823f54a5
  1 | Person    |        |           1 |             | b6e035f4-3ce9-331c-97df-83397230b0df
  6 | Choir     | 2      |           0 |             | 6124967d-7e3a-3eba-b642-c9a2ffb44d94
  3 | Other     |        |          99 |             | ac897045-5043-3294-969b-187360e45d86
(6 rows)


dev=# select * from musicbrainz.Label order by random() limit 10;
   id   |                 gid                  |           name           | begin_date_year | begin_date_month | begin_date_day | end_date_year | end_date_month | end_date_day | label_code | type | area |          comment          | edits_pending |         last_updated          | ended
--------+--------------------------------------+--------------------------+-----------------+------------------+----------------+---------------+----------------+--------------+------------+------+------+---------------------------+---------------+-------------------------------+-------
 106620 | 8ba22b59-97f5-4f2a-8fd6-dbb706809eb6 | FOD                      |                 |                  |                |               |                |              |            | 4    |  222 |                           | f             | 2015-07-18 18:45:41.657838+00 | f
  56044 | 3d1134e4-8245-47d2-9e89-94f7ca73cd10 | Relaxed Machinery        |                 |                  |                |               |                |              |            |      |      |                           | f             | 2011-03-14 14:32:19.218467+00 | f
  78081 | 7f27eca0-1c96-4c30-9083-4abbf3c8e871 | Clarton                  |                 |                  |                |               |                |              |            |      |      | New Music Society, Prague | f             | 2013-04-06 22:46:12.209605+00 | f
 123149 | 740a8eba-d6d4-4344-a053-2f34d5721ad9 | Artonica 96              |                 |                  |                |               |                |              |            | 4    |  105 |                           | f             | 2016-08-12 05:46:29.988878+00 | f
  99718 | 56e3496d-5a06-4b7d-b74e-f18d896468e3 | ├ëditions Thierry Magnier |                 |                  |                |               |                |              |            | 3    |      |                           | f             | 2015-01-31 13:59:22.552537+00 | f
  83065 | 9777f6e1-c733-4768-89f5-55378cdbf617 | Code2 Records            | 2008            | 1                | 1              |               |                |              |            |      |      |                           | f             | 2013-08-31 11:41:08.152575+00 | f
 106893 | 6baf4092-a811-471b-9786-26fb499b98bf | Trust No One Music       |                 |                  |                |               |                |              |            | 7    |  222 |                           | f             | 2015-07-24 23:07:48.238151+00 | f
  36067 | 185feb6e-cf70-41f6-b4a1-85dec08b623c | MindNepping Records      |                 |                  |                |               |                |              |            |      |  176 |                           | f             | 2009-04-30 20:20:43.756812+00 | f
  91453 | be7bf9b1-1d44-4b58-9e82-36006986f783 | Starnet Muzik            |                 |                  |                |               |                |              |            |      |      |                           | f             | 2014-05-09 16:00:24.447581+00 | f
  22070 | 4d7be49e-718e-4e64-9a6e-174d8385846b | Xn Recordings            |                 |                  |                |               |                |              |            | 4    |  105 |                           | f             |                               | f
(10 rows)


dev=# select * from musicbrainz.Label_Alias order by random() limit 10;
  id   | label |            name            | locale | edits_pending |         last_updated          | type |         sort_name          | begin_date_year | begin_date_month | begin_date_day | end_date_year | end_date_month | end_date_day | primary_for_locale | ended
-------+-------+----------------------------+--------+---------------+-------------------------------+------+----------------------------+-----------------+------------------+----------------+---------------+----------------+--------------+--------------------+-------
 16630 | 56024 | Daeum Entertainment        |        | f             | 2014-05-14 16:39:54.654562+00 |      | Daeum Entertainment        |                 |                  |                |               |                |              | f                  | f
  6812 | 71021 | BMG Records (UK) Ltd.      |        | f             | 2012-09-16 20:50:16.315278+00 |    1 | BMG Records (UK) Ltd.      |                 |                  |                |               |                |              | f                  | f
 19251 | 99705 | TNYMUSICµá¬σ╝ÅΣ╝Üτñ╛           | ja     | f             | 2015-01-30 23:05:32.328388+00 |    1 | TNYMUSICµá¬σ╝ÅΣ╝Üτñ╛           |                 |                  |                |               |                |              | f                  | f
 15887 | 84697 | MCA Music Inc. Philippines |        | f             | 2015-11-02 17:33:28.147278+00 |    1 | MCA Music Inc. Philippines |                 |                  |                |               |                |              | f                  | f
  2095 |  1074 | Arista J Records           |        | f             | 2012-05-15 18:57:13.252186+00 |      | Arista J Records           |                 |                  |                |               |                |              | f                  | f
 19036 |  8165 | Sonic Terror Recordings    |        | f             | 2014-11-21 01:21:33.966659+00 |    1 | Sonic Terror Recordings    |                 |                  |                |               |                |              | f                  | f
  3519 | 14777 | Blue (Island)              |        | f             | 2012-05-15 18:57:13.252186+00 |      | Blue (Island)              |                 |                  |                |               |                |              | f                  | f
  2436 | 24602 | Watt Works, Inc.           |        | f             | 2012-05-15 18:57:13.252186+00 |      | Watt Works, Inc.           |                 |                  |                |               |                |              | f                  | f
   718 |  4484 | WM Greece                  |        | f             | 2012-05-15 18:57:13.252186+00 |      | WM Greece                  |                 |                  |                |               |                |              | f                  | f
  7838 | 80783 | 1st PLACE (IA Project)     |        | f             | 2013-06-26 01:02:23.738169+00 |    2 | 1st PLACE (IA Project)     |                 |                  |                |               |                |              | f                  | f
(10 rows)


dev=# select * from musicbrainz.Label_Alias_Type order by random() limit 10;
 id |    name     | parent | child_order | description |                 gid
----+-------------+--------+-------------+-------------+--------------------------------------
  2 | Search hint |        | f           |             | 829662f2-a781-3ec8-8b46-fbcea6196f81
  1 | Label name  |        | f           |             | 3a1a0c48-d885-3b89-87b2-9e8a483c5675
(2 rows)


dev=# select * from musicbrainz.Language order by random() limit 10;
  id  | iso_code_2t | iso_code_2b | iso_code_1 |          name           | frequency | iso_code_3
------+-------------+-------------+------------+-------------------------+-----------+------------
 7624 |             |             |            | Sonaga                  | f         | ysg
 2235 |             |             |            | North Alaskan Inupiatun | f         | esi
 3408 |             |             |            | Lubuagan Kalinga        | f         | knb
 7670 |             |             |            | Yau (Sandaun Province)  | f         | yyu
  653 |             |             |            | Aimele                  | f         | ail
 4447 |             |             |            | Merlav                  | f         | mrm
 1022 |             |             |            | Baoul├⌐                  | f         | bci
 6664 |             |             |            | Tuotomb                 | f         | ttf
 3304 |             |             |            | Kirikiri                | f         | kiy
 2881 |             |             |            | Ile Ape                 | f         | ila
(10 rows)


dev=# select * from musicbrainz.Medium order by random() limit 10;
   id    | release | position | format | name | edits_pending |         last_updated          | track_count
---------+---------+----------+--------+------+---------------+-------------------------------+-------------
  406754 |  406754 | 1        | 1      |      | 0             | 2011-05-16 14:57:06.530063+00 |           9
  183842 |  183841 | 2        | 1      |      | 0             | 2011-05-16 14:57:06.530063+00 |          28
 1220202 | 1195898 | 1        | 1      |      | 0             | 2012-09-21 15:00:16.225031+00 |           2
  565529 |  565529 | 1        | 31     |      | 0             | 2013-04-12 16:51:53.230324+00 |           2
  293034 |  293034 | 1        | 1      |      | 0             | 2011-05-16 14:57:06.530063+00 |          19
  506206 |  506206 | 1        | 1      |      | 0             | 2012-06-30 17:58:36.991004+00 |          14
  519099 |  519100 | 2        | 1      |      | 0             | 2011-05-16 14:57:06.530063+00 |          16
 1600785 | 1529921 | 1        | 12     |      | 0             | 2014-11-25 22:14:05.7232+00   |          14
  624658 |  624658 | 1        | 1      |      | 0             | 2011-05-16 14:57:06.530063+00 |           6
  582888 |  582888 | 1        | 7      |      | 0             | 2011-05-16 14:57:06.530063+00 |           2
(10 rows)


dev=# select * from musicbrainz.Medium_Format order by random() limit 10;
 id |        name        | parent | child_order | year | has_discids |                                            description                                            |                 gid
----+--------------------+--------+-------------+------+-------------+---------------------------------------------------------------------------------------------------+--------------------------------------
 21 | VHS                |     13 | f           |      | f           |                                                                                                   | ec44fdc0-739e-386a-818c-dafa1215b487
 43 | Data CD            |      1 | f           |      | f           |                                                                                                   | 37cceb6f-7ca2-321f-b2c5-12312a1a1df1
 14 | Wax Cylinder       |     13 | f           | 1877 | f           |                                                                                                   | 329b3584-ff79-39fa-b234-7dafdd29fb7e
 70 | DVDplus (CD side)  |     47 | f           | 2005 | t           | The CD layer of a DVDplus. The DVD layer should be added as a separate medium.                    | d047545e-c13a-33b4-a1cc-4cc12d6e28c6
 59 | VHD                |     13 | f           | 1983 | f           | Video High Density (VHD) was a videodisc format which was marketed predominantly in Japan by JVC. | cc98ca24-3ae0-35fd-b311-94e0423a78a7
 67 | DualDisc (CD side) |      4 | f           | 2004 | t           | The CD layer of a DualDisc. The DVD layer should be added as a separate medium.                   | 1582d6aa-7109-377c-a124-c016facccb10
 46 | Music Card         |     13 | f           |      | f           |                                                                                                   | 11cad59d-0f90-387f-88a2-752afeb88f5d
 52 | 7" Flexi-disc      |     51 | f           | 1962 | f           |                                                                                                   | da961db2-0ec7-316d-b6f4-5fddba1ca401
 25 | HDCD               |      1 | f           |      | t           |                                                                                                   | 8759db4e-8451-33c0-8a8f-05e5f95f192e
 47 | DVDplus            |     13 | f           | 2005 | t           |                                                                                                   | 9e52c71a-e9e2-3386-87f7-3111f3e8934b
(10 rows)



dev=# select * from musicbrainz.Release order by random() limit 10;
   id    |                 gid                  |                                       name                                        | artist_credit | release_group | status | packaging | language | script |   barcode    | comment | edits_pending | quality |         last_updated
---------+--------------------------------------+-----------------------------------------------------------------------------------+---------------+---------------+--------+-----------+----------+--------+--------------+---------+---------------+---------+-------------------------------
 1662897 | 6fffe5fc-af54-4e7c-8d90-09b77a7e631c | James Galway plays Beethoven                                                      |       1540306 |       1569651 | 1      |           |      120 |     28 |              |         | 0             | -1      | 2015-10-02 11:01:19.088929+00
 1742776 | 74273d75-8c24-4a26-bc31-8257bfd51fcb | Arkives, 1993ΓÇô2010 (Analog)                                                       |         11140 |       1099048 | 1      | 10        |      120 |     28 |              |         | 0             | -1      | 2016-03-14 20:00:28.010399+00
 1084516 | 471887e0-ecc8-4fa2-bdd4-aa754aba2e0c | Rhizome                                                                           |        814119 |       1103146 | 1      | 1         |      120 |     28 |  45775032825 |         | 0             | -1      | 2011-10-31 04:00:13.018491+00
  483989 | a91e9364-b445-4152-b70d-10819d00aea7 | Mrs. Farmer                                                                       |        584901 |        792640 | 2      |           |      120 |     28 |              |         | 0             | -1      | 2009-01-03 23:52:49.032029+00
 1877291 | b7b526b6-3dc5-477d-bcbc-2c3f795fa110 | Ω╖╕δîÇδ¥╝∞ä£                                                                          |       1805087 |       1737300 | 1      | 7         |      224 |    101 |              |         | 0             | -1      | 2016-12-22 17:00:24.098106+00
  186883 | 3d7be463-1064-4fa9-9c84-dea7f65c399a | Warning Siren, Part 2                                                             |         50154 |        545124 | 1      |           |      120 |     28 |              |         | 0             | -1      | 2012-07-09 20:04:56.322842+00
 1798155 | 5c27f49b-7053-455a-a297-54a4df04023d | Gateway πéóπé╗πâ│πé╖πâºπâ│                                                              |       1698358 |       1676507 | 1      | 7         |      120 |     28 |              |         | 0             | -1      | 2016-09-25 15:00:50.854944+00
  814185 | fb2db7bf-e3f6-3441-939b-f2f7086da4ec | WhoΓÇÖs Gonna Do Your LovinΓÇÖ (When Your Good ManΓÇÖs Gone Away) / Nobody Else Will Do |        407508 |       1052277 | 1      |           |      120 |     28 |              |         | 0             | -1      | 2011-03-11 16:20:56.776381+00
 1227362 | ba9ed3bf-27ce-40f7-9733-38635517cb85 | Les Inrockuptibles pr├⌐sentent : Un printemps 97                                   |             1 |       1218173 | 2      |           |      284 |     28 |              |         | 0             | -1      | 2014-02-02 22:00:49.863365+00
  329884 | 71b96506-a278-48c7-9f05-946613f32d75 | Home Stranger                                                                     |        340707 |        666454 | 1      |           |      120 |     28 | 667548006118 |         | 0             | -1      | 2012-06-07 02:12:09.682904+00
(10 rows)


dev=# select * from musicbrainz.Release_Alias order by random() limit 10;
  id  | release |                             name                              | locale | edits_pending |         last_updated          | type |                           sort_name                           | begin_date_year | begin_date_month | begin_date_day | end_date_year | end_date_month | end_date_day | primary_for_locale | ended
------+---------+---------------------------------------------------------------+--------+---------------+-------------------------------+------+---------------------------------------------------------------+-----------------+------------------+----------------+---------------+----------------+--------------+--------------------+-------
 1029 |  370699 | Jazz Piano History (Chicago Black)                            |        | 0             | 2015-09-18 13:02:34.435392+00 |      | Jazz Piano History (Chicago Black)                            |                 |                  |                |               |                |              | f                  | f
 1206 |  780633 | Collection (disc 3)                                           |        | 0             | 2015-10-01 03:01:19.841003+00 |      | Collection (disc 3)                                           |                 |                  |                |               |                |              | f                  | f
 4133 |  155831 | Occult Hymn EP                                                |        | 0             | 2016-06-25 14:00:36.853615+00 |      | Occult Hymn EP                                                |                 |                  |                |               |                |              | f                  | f
 3693 |   97266 | Radioactive Man                                               |        | 0             | 2016-05-08 22:01:17.87376+00  |      | Radioactive Man                                               |                 |                  |                |               |                |              | f                  | f
 6811 | 1927786 | Oper Verstehen und Geniessen 8: Tristan und Isolde Highlights |        | 0             | 2017-03-09 11:04:04.232648+00 | 2    | Oper Verstehen und Geniessen 8: Tristan und Isolde Highlights |                 |                  |                |               |                |              | f                  | f
 4896 |     673 | Not Another Teen Movie                                        |        | 0             | 2016-10-20 22:00:42.727748+00 |      | Not Another Teen Movie                                        |                 |                  |                |               |                |              | f                  | f
 4965 | 1850235 | Arias for Tenor, Diction Coach (disc 2)                       |        | 0             | 2016-11-01 21:01:09.531189+00 |      | Arias for Tenor, Diction Coach (disc 2)                       |                 |                  |                |               |                |              | f                  | f
 6758 | 1893439 | Fifty Shades Darker: Original Motion Picture Soundtrack       |        | 0             | 2017-03-05 18:02:26.522694+00 |      | Fifty Shades Darker: Original Motion Picture Soundtrack       |                 |                  |                |               |                |              | f                  | f
 6111 |  149033 | Ace Combat: Squadron Leader Original Soundtrack               | en     | 0             | 2017-02-01 15:43:57.569088+00 | 1    | Ace Combat: Squadron Leader Original Soundtrack               |                 |                  |                |               |                |              | f                  | f
 4522 | 1395485 | SOUNDTRACK ANOTHER SIDE 03                                    |        | 0             | 2016-08-27 21:00:48.243153+00 |      | SOUNDTRACK ANOTHER SIDE 03                                    |                 |                  |                |               |                |              | f                  | f
(10 rows)


dev=# select * from musicbrainz.Release_Alias_Type order by random() limit 10;
 id |     name     | parent | child_order | description |                 gid
----+--------------+--------+-------------+-------------+--------------------------------------
  2 | Search hint  |        | f           |             | 02939c89-0e48-3357-bf41-bf8e4162c874
  1 | Release name |        | f           |             | df187855-059b-3514-9d5e-d240de0b4228
(2 rows)


dev=# select * from musicbrainz.Release_Group order by random() limit 10;
   id    |                 gid                  |                              name                              | artist_credit | type | comment | edits_pending |         last_updated
---------+--------------------------------------+----------------------------------------------------------------+---------------+------+---------+---------------+-------------------------------
 1239610 | 53cfbf7d-8a2f-4868-8044-01c3e56386c3 | Peter und der Wolf                                             |       1127002 | 1    |         | 0             | 2013-02-13 14:05:47.626297+00
 1173435 | ec8d976d-0d4f-4ac7-82ae-86a4456b561a | Destroy the Children: An Acoustic Exploration of Uneasy Topics |       1008029 | 1    |         | 0             | 2012-06-30 00:46:26.423432+00
 1619514 | 7d51d796-4c61-4045-bacc-262efdba7cea | Laws of Power                                                  |       1607102 | 3    |         | 0             | 2016-02-07 19:01:37.214801+00
 1401690 | 08ca9707-38ec-415d-a0bd-2931eeb0aeaf | Halet Hob                                                      |         33771 | 1    |         | 0             | 2014-08-04 15:01:11.22918+00
 1196674 | 0a4861bd-6b1d-4708-9ece-b9b5240bc87b | Summertime Heavy                                               |        595200 | 1    |         | 0             | 2012-09-23 00:27:23.519207+00
  937399 | 88fe3e00-9207-4c35-be3e-6a8da063a846 | What's Your Theory?                                            |        696395 | 3    |         | 0             | 2010-03-23 00:05:23.090635+00
 1724678 | 6f904ca5-1199-4783-952d-22dc6e72ffcb | Gnod                                                           |        632949 | 1    |         | 0             | 2016-11-16 13:04:59.7434+00
  135988 | 720c27ce-9395-30f3-964c-9773bd52a9ee | The In Crowd                                                   |         76512 | 1    |         | 0             | 2015-11-12 03:02:33.434801+00
  625749 | 6c4eba5c-7f12-3406-9bc6-6fc6b0d1dc79 | Demo                                                           |        124960 | 3    |         | 0             | 2009-05-24 20:47:00.490177+00
  666531 | 5d282b4d-16d9-3a8a-b53c-1af459b64b0b | Reale Accademia di Musica                                      |        484934 | 1    |         | 0             | 2009-05-24 20:47:00.490177+00
(10 rows)


dev=# select * from musicbrainz.Release_Group_Alias order by random() limit 10;
  id  | release_id |                        name                         | child_order | description |              gid              | blank1 |                       blank2                        | blank3 | blank4 | blank5 | blank6 | blank7 | blank8 | blank9 | blank10
------+------------+-----------------------------------------------------+-------------+-------------+-------------------------------+--------+-----------------------------------------------------+--------+--------+--------+--------+--------+--------+--------+---------
  292 |     216191 | Soy cubano, soy popular                             |             | 0           | 2015-06-20 16:02:31.479811+00 |        | Soy cubano, soy popular                             |        |        |        |        |        |        | f      | f
 5228 |    1600618 | ∞ä╕Ω░Ç∞ºÇ ∞åî∞¢É (Wish Tree) - WINTER GARDEN             |             | 0           | 2016-12-30 05:01:20.201565+00 |        | ∞ä╕Ω░Ç∞ºÇ ∞åî∞¢É (Wish Tree) - WINTER GARDEN             |        |        |        |        |        |        | f      | f
 3501 |     583117 | Bradley's Barn (expanded edition, disc one)         |             | 0           | 2016-05-16 21:03:05.266999+00 |        | Bradley's Barn (expanded edition, disc one)         |        |        |        |        |        |        | f      | f
 2776 |     818689 | Principe di un giorno                               |             | 0           | 2016-02-12 00:04:03.133735+00 | 1      | Principe di un giorno                               |        |        |        |        |        |        | f      | f
 2346 |     598524 | Brasil (Duets)                                      |             | 0           | 2016-01-03 02:00:52.839096+00 |        | Brasil (Duets)                                      |        |        |        |        |        |        | f      | f
 1936 |     309900 | The CRC Sessions                                    |             | 0           | 2015-11-14 10:05:28.722605+00 |        | The CRC Sessions                                    |        |        |        |        |        |        | f      | f
 1139 |    1292980 | Glenn Gould Plays Bach: The Well-Tempered Clavier I |             | 0           | 2015-09-20 08:02:03.062538+00 |        | Glenn Gould Plays Bach: The Well-Tempered Clavier I |        |        |        |        |        |        | f      | f
 2052 |    1295337 | Never Say Goodbye (Wildstylez Remix)                |             | 0           | 2015-11-25 20:00:42.619324+00 |        | Never Say Goodbye (Wildstylez Remix)                |        |        |        |        |        |        | f      | f
  923 |    1560014 | Get It On                                           |             | 0           | 2015-08-31 18:01:02.510737+00 |        | Get It On                                           |        |        |        |        |        |        | f      | f
 5140 |     206276 | Live And Let Die                                    |             | 0           | 2016-12-21 07:00:20.927558+00 |        | Live And Let Die                                    |        |        |        |        |        |        | f      | f
(10 rows)



dev=# select * from musicbrainz.Release_Group_Primary_Type order by random() limit 10;
 id |   name    | parent | child_order | description |                 gid
----+-----------+--------+-------------+-------------+--------------------------------------
 12 | Broadcast |        |           4 |             | 3b2e49e1-2875-37b8-9fa9-1f7cf3f49900
 11 | Other     |        |          99 |             | 4fc3be2b-de1e-396b-a933-beb8f1607a22
  3 | EP        |        |           3 |             | 6d0c5bf6-7a33-3420-a519-44fc63eedebf
  1 | Album     |        |           1 |             | f529b476-6e62-324f-b0aa-1f3e33d313fc
  2 | Single    |        |           2 |             | d6038452-8ee0-3f68-affc-2de9a1ede0b9
(5 rows)


dev=# select * from musicbrainz.Release_Group_Secondary_Type order by random() limit 10;
 id |      name      | parent | child_order | description |                 gid
----+----------------+--------+-------------+-------------+--------------------------------------
  8 | DJ-mix         |        | f           |             | 0d47f47a-3fe5-3d69-ac9d-d566c23968bf
  9 | Mixtape/Street |        | f           |             | 15c1b1f5-d893-3375-a1db-e180c5ae15ed
  7 | Remix          |        | f           |             | 0c60f497-ff81-3818-befd-abfc84a4858b
 10 | Demo           |        | f           |             | 81598169-0d6c-3bce-b4be-866fa658eda3
  6 | Live           |        | f           |             | 6fd474e2-6b58-3102-9d17-d6f7eb7da0a0
  3 | Spokenword     |        | f           |             | 66b8a13e-43ff-3ac0-ac6c-73659d3817c6
  4 | Interview      |        | f           |             | 12af3f5e-ce2a-3941-8b93-d482884031e5
  5 | Audiobook      |        | f           |             | 499a387e-6195-333e-91c0-9592bfec535e
  2 | Soundtrack     |        | f           |             | 22a628ad-c082-3c4f-b1b6-d41665107b88
  1 | Compilation    |        | f           |             | dd2a21e1-0c00-3729-a7a0-de60b84eb5d1
(10 rows)


dev=# select * from musicbrainz.Release_Label order by random() limit 10;
   id    | release | label |   catalog_number    |         last_updated
---------+---------+-------+---------------------+-------------------------------
  557896 |  812989 | 27680 |                     | 2011-05-16 15:59:00.785958+00
  929850 | 1396069 |       | KSCL-1688           | 2014-03-02 05:27:06.50259+00
  165800 |  159029 |  3247 | SVWC-7351           | 2011-05-16 15:59:00.785958+00
 1008315 | 1474824 | 58061 | TOCT-29109          | 2014-09-11 02:43:43.526635+00
  704278 | 1169634 | 68436 | 11638               | 2012-06-21 14:26:17.029577+00
  141216 |  287482 |  3643 | SECL-1              | 2011-05-16 15:59:00.785958+00
  382813 |  567855 | 21829 | BZCM-1011           | 2011-05-16 15:59:00.785958+00
  769560 |   80222 |  2920 | Superstition 2107-2 | 2012-12-24 20:59:16.090256+00
  827121 | 1293184 | 79865 | 57CD1317            | 2013-05-24 11:55:32.620902+00
  438209 |  658074 | 45214 | BOSC 33             | 2011-05-16 15:59:00.785958+00
(10 rows)


dev=# select * from musicbrainz.Release_Label order by random() limit 10;
   id    | release | label |   catalog_number    |         last_updated
---------+---------+-------+---------------------+-------------------------------
  557896 |  812989 | 27680 |                     | 2011-05-16 15:59:00.785958+00
  929850 | 1396069 |       | KSCL-1688           | 2014-03-02 05:27:06.50259+00
  165800 |  159029 |  3247 | SVWC-7351           | 2011-05-16 15:59:00.785958+00
 1008315 | 1474824 | 58061 | TOCT-29109          | 2014-09-11 02:43:43.526635+00
  704278 | 1169634 | 68436 | 11638               | 2012-06-21 14:26:17.029577+00
  141216 |  287482 |  3643 | SECL-1              | 2011-05-16 15:59:00.785958+00
  382813 |  567855 | 21829 | BZCM-1011           | 2011-05-16 15:59:00.785958+00
  769560 |   80222 |  2920 | Superstition 2107-2 | 2012-12-24 20:59:16.090256+00
  827121 | 1293184 | 79865 | 57CD1317            | 2013-05-24 11:55:32.620902+00
  438209 |  658074 | 45214 | BOSC 33             | 2011-05-16 15:59:00.785958+00
(10 rows)
